// Vitest Snapshot v1, https://vitest.dev/guide/snapshot.html

exports[`MarkdownRenderer > renders the full comment (snapshot) 1`] = `
"<!-- blast-radius:v1 -->
## 🧨 Blast Radius

**3 nodes** · 2 modules · 1 service · **1 scope finding** · **2 tests**

> **Intent** — _"add token-bucket rate limiting to the redirect endpoint"_  
> source: \`checkpoint-trailer\` · \`cp_9f2\`

### ⚠️ Scope check — 1 change(s) look outside the ask

| | Changed symbol | Why | Dependents |
|--|--|--|--|
| 🔴 | [\`Database.query\`](https://github.com/acme/linkshrink/blob/def456/src/db/database.ts#L41) | no vocabulary overlap with the stated intent; signature changed on a symbol with 16 dependents — run tests first | 16 |

<details><summary>Evidence for these findings</summary>

**\`Database.query\`** — \`src/db/database.ts:41\`
_strategy: keyword-overlap, dependents-threshold_
- intent (checkpoint-trailer): "add token-bucket rate limiting…"
- signature changed: \`query(sql)\` → \`query(sql, opts)\` — \`src/db/database.ts:41\`
- reaches LinkRepo.byId — \`src/repo/link-repo.ts:8\`
  \`Database.query → LinkRepo.byId\`

</details>

### 🧪 Recommended tests — 2 of ~40, covers every changed symbol

\`\`\`bash
npx vitest run test/redirect.test.ts test/database.test.ts -t "redirect_ratelimit_test|database_signature_test"
\`\`\`

<details><summary>Why these tests</summary>

| Test | Covers | Distance |
|--|--|--|
| [\`redirect_ratelimit_test\`](https://github.com/acme/linkshrink/blob/def456/test/redirect.test.ts#L30) | \`RedirectController.handle\` | 1 |
| [\`database_signature_test\`](https://github.com/acme/linkshrink/blob/def456/test/database.test.ts#L20) | \`Database.query\` | 2 |

</details>

<details><summary>Full blast radius — 3 nodes across 3 files</summary>

_CALLED_BY: 3_

_Full node list is in the JSON / SARIF output (\`--format json\`)._

</details>

---
<sub>Generated by Blast Radius from Entire Graph · \`abc123\`..\`def456\` · every row links to the graph path that justifies it · re-run: \`blast-radius review --base abc123 --head def456\`</sub>"
`;
